// Jest Snapshot v1, https://goo.gl/fbAQLP

exports[`renders correctly 1`] = `
<View
  style={
    Object {
      "alignItems": "center",
      "backgroundColor": "#8775FE",
      "flexDirection": "column",
      "height": "100%",
      "justifyContent": "center",
    }
  }
>
  <Image
    collapsable={false}
    forwardedRef={[Function]}
    source={
      Object {
        "testUri": "../../../src/assets/images/logo.png",
      }
    }
    style={
      Object {
        "opacity": 0,
        "resizeMode": "contain",
        "transform": Array [
          Object {
            "scale": 0.3,
          },
        ],
        "width": "50%",
      }
    }
    testID="animation"
  />
</View>
`;
